// Jest Snapshot v1, https://goo.gl/fbAQLP

exports[`Transaction List list snapshot should keep the same 1`] = `
<div
  data-testid="transacoes"
>
  <div
    class="transacao-container"
  >
    <p>
      08/09/2020
    </p>
    <p />
    <p>
      R$ 
      20.00
    </p>
  </div>
  <div
    class="transacao-container"
  >
    <p>
      09/09/2020
    </p>
    <p />
    <p>
      R$ 
      20.00
    </p>
  </div>
  <div
    class="transacao-container"
  >
    <p>
      10/09/2020
    </p>
    <p />
    <p>
      R$ 
      20.00
    </p>
  </div>
</div>
`;
